Microsoft Windows [Version 10.0.22621.1702]
(c) Microsoft Corporation. All rights reserved.

C:\Users\HP>docker -v
Docker version 23.0.5, build bc4487a

C:\Users\HP>docker images
REPOSITORY   TAG       IMAGE ID   CREATED   SIZE

C:\Users\HP>docker ps
CONTAINER ID   IMAGE     COMMAND   CREATED   STATUS    PORTS     NAMES

C:\Users\HP>docker pull openjdk
Using default tag: latest
Error response from daemon: Get "https://registry-1.docker.io/v2/": dialing registry-1.docker.io:443 with direct connection: resolving host registry-1.docker.io: lookup registry-1.docker.io: no such host

C:\Users\HP>docker pull openjdk
Using default tag: latest
Error response from daemon: Get "https://registry-1.docker.io/v2/": dialing registry-1.docker.io:443 with direct connection: resolving host registry-1.docker.io: lookup registry-1.docker.io: no such host

C:\Users\HP>docker pull openjdk
Using default tag: latest
latest: Pulling from library/openjdk
197c1adcd755: Pull complete
57b698b7af4b: Pull complete
95a27dbe0150: Pull complete
Digest: sha256:9b448de897d211c9e0ec635a485650aed6e28d4eca1efbc34940560a480b3f1f
Status: Downloaded newer image for openjdk:latest
docker.io/library/openjdk:latest

C:\Users\HP>docker image

Usage:  docker image COMMAND

Manage images

Commands:
  build       Build an image from a Dockerfile
  history     Show the history of an image
  import      Import the contents from a tarball to create a filesystem image
  inspect     Display detailed information on one or more images
  load        Load an image from a tar archive or STDIN
  ls          List images
  prune       Remove unused images
  pull        Download an image from a registry
  push        Upload an image to a registry
  rm          Remove one or more images
  save        Save one or more images to a tar archive (streamed to STDOUT by default)
  tag         Create a tag TARGET_IMAGE that refers to SOURCE_IMAGE

Run 'docker image COMMAND --help' for more information on a command.

C:\Users\HP>docker images
REPOSITORY   TAG       IMAGE ID       CREATED        SIZE
openjdk      latest    71260f256d19   3 months ago   470MB

C:\Users\HP>docker run --name JAVA -it -d openjdk
fdfc5e8fdf90aaaf58a4e4dc3c97de21b12f12e58506a361170ff61d5d14ce17

C:\Users\HP>docker ps
CONTAINER ID   IMAGE     COMMAND    CREATED          STATUS          PORTS     NAMES
fdfc5e8fdf90   openjdk   "jshell"   13 seconds ago   Up 11 seconds             JAVA

C:\Users\HP>docker exec -it JAVA jshell
|  Welcome to JShell -- Version 18.0.2.1
|  For an introduction type: /help intro

jshell> System.out.println("Hello Docker")
Hello Docker

jshell> int a=10
a ==> 10

jshell> int b=20
b ==> 20

jshell> System.out.println(a+b);
30

jshell> docker ps
|  created variable ps, however, it cannot be referenced until class docker is declared

jshell> /exit
|  Goodbye

C:\Users\HP>docker ps
CONTAINER ID   IMAGE     COMMAND    CREATED         STATUS         PORTS     NAMES
fdfc5e8fdf90   openjdk   "jshell"   4 minutes ago   Up 4 minutes             JAVA

C:\Users\HP>docker container rm fdfc5e8fdf90
Error response from daemon: You cannot remove a running container fdfc5e8fdf90aaaf58a4e4dc3c97de21b12f12e58506a361170ff61d5d14ce17. Stop the container before attempting removal or force remove

C:\Users\HP>docker stop fdfc5e8fdf90
fdfc5e8fdf90

C:\Users\HP>docker conatiner rm fdfc5e8fdf90
docker: 'conatiner' is not a docker command.
See 'docker --help'

C:\Users\HP>docker container rm fdfc5e8fdf90
fdfc5e8fdf90

C:\Users\HP>docker ps
CONTAINER ID   IMAGE     COMMAND   CREATED   STATUS    PORTS     NAMES

C:\Users\HP>docker images
REPOSITORY   TAG       IMAGE ID       CREATED        SIZE
openjdk      latest    71260f256d19   3 months ago   470MB

C:\Users\HP>docker image prune
WARNING! This will remove all dangling images.
Are you sure you want to continue? [y/N] y
Total reclaimed space: 0B

C:\Users\HP>